<<<TSV>>>
Race ID	101
Heat no	1
Category	Men under 18, single, final
Gun start	22:13:20
Position	Elapsed Time	Source	Bow number	notes
1	0:06.12	press	07	photo finish
2	0:07.45	press	04	
3	0:08.01	press	12	lane 3
<<<HTML>>>
<html xmlns:x="urn:schemas-microsoft-com:office:excel"><head><meta charset='utf-8'></head><body><table><tr><td>Race ID</td><td>101</td></tr><tr><td>Heat no</td><td>1</td></tr><tr><td>Category</td><td>Men under 18, single, final</td></tr><tr><td>Gun start</td><td>22:13:20</td></tr><tr><td>Position</td><td>Elapsed Time</td><td>Source</td><td>Bow number</td><td>notes</td></tr><tr><td>1</td><td>0:06.12</td><td>press</td><td>07</td><td>photo finish</td></tr><tr><td>2</td><td>0:07.45</td><td>press</td><td>04</td><td></td></tr><tr><td>3</td><td>0:08.01</td><td>press</td><td>12</td><td>lane 3</td></tr></table></body></html>
